altair@altair-note:~$ ssh-keygen -t rsa

Generating public/private rsa key pair.
Enter file in which to save the key (/home/altair/.ssh/id_rsa): 
Created directory '/home/altair/.ssh'.
Enter passphrase (empty for no passphrase): 
Enter same passphrase again: 
Your identification has been saved in /home/altair/.ssh/id_rsa.
Your public key has been saved in /home/altair/.ssh/id_rsa.pub.
The key fingerprint is:
99:b0:e3:df:e0:b8:8b:b6:e6:33:4f:0a:ef:cc:7a:8f altair@altair-note
The key's randomart image is:
+--[ RSA 2048]----+
|                 |
|                 |
|      .          |
|       o o       |
|      o S        |
|     . .         |
|  .   o .        |
|   =*= + o       |
|  .BE**oo .      |
+-----------------+
altair@altair-note:~$ geany

(geany:3754): LIBDBUSMENU-GTK-CRITICAL **: watch_submenu: assertion `GTK_IS_MENU_SHELL(menu)' failed

altair@altair-note:/var/www$ cd pdm-git

altair@altair-note:/var/www/pdm-git$ git clone git@github.com:altair-texeira/pdm.git .
Cloning into '.'...
warning: You appear to have cloned an empty repository.
altair@altair-note:/var/www/pdm-git$ ls
altair@altair-note:/var/www/pdm-git$ ^C
altair@altair-note:/var/www/pdm-git$ 

